// Jest Snapshot v1, https://goo.gl/fbAQLP

exports[`Snapshot: renders empty 1`] = `
<h1>
  App
</h1>
`;
